// Jest Snapshot v1, https://goo.gl/fbAQLP

exports[`Article renders correctly 1`] = `
<div
  style={
    Object {
      "padding": 10,
    }
  }
>
  <div />
  <div>
    Invalid Date
  </div>
  <p>
    <a
      href={undefined}
    >
       
    </a>
  </p>
  <div />
</div>
`;
